[www.truefoodkitchen.com/index.html]
[backblue.gif]
[fade.gif]
[index.html]
[www.truefoodkitchen.com/images/truefoodkitchen-favicon.jpg]
[www.truefoodkitchen.com/css/bootstrap.min.css]
[www.truefoodkitchen.com/css/tfk-custom.css]
[www.truefoodkitchen.com/css/tfk-settings.css]
[www.truefoodkitchen.com/css/owl.carousel.css]
[www.truefoodkitchen.com/css/owl.theme.css]
[www.truefoodkitchen.com/css/font-awesome.min.css]
[www.truefoodkitchen.com/css/magnific-popup.css]
[www.truefoodkitchen.com/css/tfk-new.css]
[www.truefoodkitchen.com/super-sidebar/css/tfk-super-sidebar.css]
[connect.facebook.net/en_US/fbevents.js]
[www.truefoodkitchen.com/images/truefoodkitchen_logo-green.png]
[s.yimg.com/wi/ytc.js]
[www.truefoodkitchen.com/menu.html]
[www.truefoodkitchen.com/truestory.html]
[www.truefoodkitchen.com/locations.html]
[www.truefoodkitchen.com/careers.html]
[www.truefoodkitchen.com/trueinsider.html]
[www.truefoodkitchen.com/video/fall-header.png]
[www.truefoodkitchen.com/images/banner/main/video/truefoodkitchen-main-video-poster-5.jpg]
[www.truefoodkitchen.com/images/banner/main/mobile/truefoodkitchen-main-mobile-banner-8.jpg]
[www.truefoodkitchen.com/images/banner/main/mobile/truefoodkitchen-main-mobile-banner-12.jpg]
[www.truefoodkitchen.com/images/banner/main/mobile/truefoodkitchen-main-mobile-banner-11.jpg]
[www.truefoodkitchen.com/images/banner/main/mobile/truefoodkitchen-main-mobile-banner-10.jpg]
[www.truefoodkitchen.com/images/banner/main/mobile/truefoodkitchen-main-mobile-banner-9.jpg]
[www.truefoodkitchen.com/images/tabs/truefoodkitchen-tabs-icon-1.png]
[www.truefoodkitchen.com/images/tabs/truefoodkitchen-tabs-icon-2.png]
[www.truefoodkitchen.com/images/tabs/truefoodkitchen-tabs-icon-3.png]
[www.truefoodkitchen.com/images/tabs/truefoodkitchen-tabs-icon-4.png]
[www.truefoodkitchen.com/images/tabs/truefoodkitchen-tabs-icon-5.png]
[www.truefoodkitchen.com/images/callout/truefoodkitchen-callout-banner22.jpg]
[www.truefoodkitchen.com/images/truefoodkitchen-icon_trueinsiders.png]
[www.truefoodkitchen.com/images/truefoodkitchen-icon_giftcard.png]
[www.truefoodkitchen.com/popup/popup-unbeetable-bg.jpg]
[www.truefoodkitchen.com/js/bootstrap.min.js]
[www.truefoodkitchen.com/js/jquery-migrate.min.js]
[www.truefoodkitchen.com/js/modernizr-2.7.1.min.js]
[www.truefoodkitchen.com/js/off-cavnass.js]
[www.truefoodkitchen.com/js/script.js]
[www.truefoodkitchen.com/js/imagesloaded.pkgd.min.js]
[www.truefoodkitchen.com/js/isotope.pkgd.min.js]
[www.truefoodkitchen.com/js/tfk-custom.js]
[www.truefoodkitchen.com/js/portfolio.js]
[www.truefoodkitchen.com/js/jquery.touchSwipe.min.js]
[www.truefoodkitchen.com/js/jquery.carouFredSel-6.2.1.js]
[www.truefoodkitchen.com/js/jquery.isotope.min.js]
[www.truefoodkitchen.com/js/modernizr.custom.js]
[www.truefoodkitchen.com/js/jquery.magnific-popup.js]
[www.truefoodkitchen.com/js/draggabilly.pkgd.min.js]
[www.truefoodkitchen.com/js/elastiStack.js]
[www.truefoodkitchen.com/js/jquery.plugin.min.js]
[www.truefoodkitchen.com/js/jquery.countdown.min.js]
[www.truefoodkitchen.com/js/owl.carousel.min.js]
[www.truefoodkitchen.com/js/jquery.themepunch.tools.min.js]
[www.truefoodkitchen.com/js/jquery.themepunch.revolution.min.js]
[www.truefoodkitchen.com/index.html]
[www.truefoodkitchen.com/super-sidebar/js/jquery.super-sidebar.min.js]
[www.truefoodkitchen.com/super-sidebar/js/velocity.min.js]
[www.truefoodkitchen.com/css/bootstrap.min.css]
[www.truefoodkitchen.com/fonts/revicons90c6.eot]
[www.truefoodkitchen.com/fonts/revicons90c6.woff]
[www.truefoodkitchen.com/fonts/revicons90c6.ttf]
[www.truefoodkitchen.com/fonts/revicons90c6.svg]
[www.truefoodkitchen.com/popup/popup-bg2.jpg]
[www.truefoodkitchen.com/css/tfk-settings.css]
[www.truefoodkitchen.com/fonts/brandon-grotesque/BrandonGrotesque-Thin.woff2]
[www.truefoodkitchen.com/fonts/brandon-grotesque/BrandonGrotesque-Thin.woff]
[www.truefoodkitchen.com/fonts/brandon-grotesque/BrandonGrotesque-ThinItalic.woff2]
[www.truefoodkitchen.com/fonts/brandon-grotesque/BrandonGrotesque-ThinItalic.woff]
[www.truefoodkitchen.com/fonts/brandon-grotesque/BrandonGrotesque-Thin.ttf]
[www.truefoodkitchen.com/fonts/brandon-grotesque/BrandonGrotesque-Light.woff2]
[www.truefoodkitchen.com/fonts/brandon-grotesque/BrandonGrotesque-Light.woff]
[www.truefoodkitchen.com/fonts/brandon-grotesque/BrandonGrotesque-ThinItalic.ttf]
[www.truefoodkitchen.com/fonts/brandon-grotesque/BrandonGrotesque-LightItalic.woff2]
[www.truefoodkitchen.com/fonts/brandon-grotesque/BrandonGrotesque-LightItalic.woff]
[www.truefoodkitchen.com/fonts/brandon-grotesque/BrandonGrotesque-Regular.woff2]
[www.truefoodkitchen.com/fonts/brandon-grotesque/BrandonGrotesque-Light.ttf]
[www.truefoodkitchen.com/fonts/brandon-grotesque/BrandonGrotesque-LightItalic.ttf]
[www.truefoodkitchen.com/fonts/brandon-grotesque/BrandonGrotesque-Regular.woff]
[www.truefoodkitchen.com/fonts/brandon-grotesque/BrandonGrotesque-RegularItalic.woff2]
[www.truefoodkitchen.com/fonts/brandon-grotesque/BrandonGrotesque-RegularItalic.woff]
[www.truefoodkitchen.com/fonts/brandon-grotesque/BrandonGrotesque-Regular.ttf]
[www.truefoodkitchen.com/fonts/brandon-grotesque/BrandonGrotesque-Medium.woff2]
[www.truefoodkitchen.com/fonts/brandon-grotesque/BrandonGrotesque-RegularItalic.ttf]
[www.truefoodkitchen.com/fonts/brandon-grotesque/BrandonGrotesque-Medium.woff]
[www.truefoodkitchen.com/fonts/brandon-grotesque/BrandonGrotesque-MediumItalic.woff2]
[www.truefoodkitchen.com/fonts/brandon-grotesque/BrandonGrotesque-Medium.ttf]
[www.truefoodkitchen.com/fonts/brandon-grotesque/BrandonGrotesque-MediumItalic.woff]
[www.truefoodkitchen.com/fonts/brandon-grotesque/BrandonGrotesque-Bold.woff2]
[www.truefoodkitchen.com/fonts/brandon-grotesque/BrandonGrotesque-Bold.woff]
[www.truefoodkitchen.com/fonts/brandon-grotesque/BrandonGrotesque-BoldItalic.woff2]
[www.truefoodkitchen.com/fonts/brandon-grotesque/BrandonGrotesque-BoldItalic.woff]
[www.truefoodkitchen.com/fonts/brandon-grotesque/BrandonGrotesque-MediumItalic.ttf]
[www.truefoodkitchen.com/fonts/brandon-grotesque/BrandonGrotesque-Black.woff2]
[www.truefoodkitchen.com/fonts/brandon-grotesque/BrandonGrotesque-Bold.ttf]
[www.truefoodkitchen.com/fonts/brandon-grotesque/BrandonGrotesque-Black.woff]
[www.truefoodkitchen.com/fonts/brandon-grotesque/BrandonGrotesque-BlackItalic.woff2]
[www.truefoodkitchen.com/fonts/brandon-grotesque/BrandonGrotesque-BlackItalic.woff]
[www.truefoodkitchen.com/fonts/brandon-grotesque/BrandonGrotesque-Black.ttf]
[www.truefoodkitchen.com/fonts/brandon-grotesque/BrandonGrotesque-BlackItalic.ttf]
[www.truefoodkitchen.com/fonts/brandon-grotesque/BrandonGrotesque-BoldItalic.ttf]
[www.truefoodkitchen.com/fonts/bernadette-rough/bernadette_rough.woff2]
[www.truefoodkitchen.com/images/quickview-close.png]
[www.truefoodkitchen.com/fonts/bernadette-rough/bernadette_rough.eot]
[www.truefoodkitchen.com/fonts/bernadette-rough/bernadette_rough.ttf]
[www.truefoodkitchen.com/fonts/bernadette-rough/bernadette_roughd41d.eot]
[www.truefoodkitchen.com/fonts/star.eot]
[www.truefoodkitchen.com/fonts/stard41d.eot]
[www.truefoodkitchen.com/fonts/star.woff]
[www.truefoodkitchen.com/fonts/star.ttf]
[www.truefoodkitchen.com/fonts/star.svg]
[www.truefoodkitchen.com/fonts/WooCommerce.eot]
[www.truefoodkitchen.com/fonts/WooCommerced41d.eot]
[www.truefoodkitchen.com/fonts/WooCommerce.woff]
[www.truefoodkitchen.com/fonts/WooCommerce.ttf]
[www.truefoodkitchen.com/fonts/WooCommerce.svg]
[www.truefoodkitchen.com/images/vector.png]
[www.truefoodkitchen.com/css/tfk-new.css]
[www.truefoodkitchen.com/images/banner/jubytrue_feature_bg.jpg]
[www.truefoodkitchen.com/images/banner/bannerjubytrue_bg.jpg]
[www.truefoodkitchen.com/images/bg_white.jpg]
[www.truefoodkitchen.com/images/banner/banner_food.jpg]
[www.truefoodkitchen.com/images/banner/banner_blog.jpg]
[www.truefoodkitchen.com/images/banner/truefoodkitchen-footer.jpg]
[www.truefoodkitchen.com/images/banner/jubytrue_footer2.jpg]
[www.truefoodkitchen.com/images/banner/jubytrue_feature_bg2.jpg]
[www.truefoodkitchen.com/css/tfk-custom.css]
[www.truefoodkitchen.com/css/owl.carousel.css]
[www.truefoodkitchen.com/css/owl.theme.css]
[www.truefoodkitchen.com/fonts/fontawesome-webfont3295.woff2]
[www.truefoodkitchen.com/fonts/fontawesome-webfont3295.eot]
[www.truefoodkitchen.com/fonts/fontawesome-webfontd41d.eot]
[www.truefoodkitchen.com/fonts/fontawesome-webfont3295.woff]
[www.truefoodkitchen.com/fonts/fontawesome-webfont3295.ttf]
[www.truefoodkitchen.com/css/font-awesome.min.css]
[www.truefoodkitchen.com/css/magnific-popup.css]
[www.truefoodkitchen.com/super-sidebar/img/close.png]
[www.truefoodkitchen.com/super-sidebar/img/loader.gif]
[www.truefoodkitchen.com/super-sidebar/img/success.png]
[www.truefoodkitchen.com/super-sidebar/img/error.png]
[www.truefoodkitchen.com/super-sidebar/css/tfk-super-sidebar.css]
[connect.facebook.net/en_US/fbevents.js]
[www.googletagmanager.com/gtm5445.html]
[www.truefoodkitchen.com/css/sp-integration.css]
[www.truefoodkitchen.com/images/banner/menu/truefoodkitchen-menu-banner34.jpg]
[www.truefoodkitchen.com/js/jquery.min.js]
[www.truefoodkitchen.com/images/banner/menu/truefoodkitchen-menu-banner29.jpg]
[www.truefoodkitchen.com/images/truefoodkitchen-icon2.png]
[www.truefoodkitchen.com/ketopaleo.html]
[www.truefoodkitchen.com/momentfeed/momentfeed.js]
[www.truefoodkitchen.com/images/icon_menu_seasonal.png]
[www.truefoodkitchen.com/docs/menu/fall/TrueFoodKitchen_FullFallMenu.pdf]
[www.truefoodkitchen.com/fonts/fontawesome-webfont3295.svg]
[www.truefoodkitchen.com/docs/nutritional/TrueFoodKitchen-Fall2019_Nutritionals.pdf]
[www.truefoodkitchen.com/js/jflickrfeed.min.js]
[www.truefoodkitchen.com/js/extensions/revolution.extension.video.min.js]
[www.truefoodkitchen.com/js/extensions/revolution.extension.slideanims.min.js]
[www.truefoodkitchen.com/js/extensions/revolution.extension.actions.min.js]
[www.truefoodkitchen.com/js/extensions/revolution.extension.layeranimation.min.js]
[www.truefoodkitchen.com/js/extensions/revolution.extension.kenburn.min.js]
[www.truefoodkitchen.com/js/extensions/revolution.extension.navigation.min.js]
[www.truefoodkitchen.com/js/extensions/revolution.extension.migration.min.js]
[www.truefoodkitchen.com/menu.html]
[www.truefoodkitchen.com/js/extensions/revolution.extension.parallax.min.js]
[www.truefoodkitchen.com/css/tabs/tfk-tabstyle.css]
[www.google-analytics.com/analytics.js]
[www.truefoodkitchen.com/images/banner/locations/truefoodkitchen-location-banner10.jpg]
[www.truefoodkitchen.com/images/oakbrook/truefoodkitchen-oakbrook-banner1.jpg]
[www.truefoodkitchen.com/oakbrook.html]
[www.truefoodkitchen.com/images/truefoodkitchen-icon4.png]
[www.truefoodkitchen.com/phoenix.html]
[www.truefoodkitchen.com/scottsdale.html]
[www.truefoodkitchen.com/elsegundo.html]
[www.truefoodkitchen.com/newportbeach.html]
[www.truefoodkitchen.com/paloalto.html]
[www.truefoodkitchen.com/pasadena.html]
[www.truefoodkitchen.com/sandiego.html]
[www.truefoodkitchen.com/sandiegoutc.html]
[www.truefoodkitchen.com/santamonica.html]
[www.truefoodkitchen.com/walnutcreek.html]
[www.truefoodkitchen.com/denver.html]
[www.truefoodkitchen.com/bocaraton.html]
[www.truefoodkitchen.com/jacksonville.html]
[www.truefoodkitchen.com/miami.html]
[www.truefoodkitchen.com/naples.html]
[www.truefoodkitchen.com/palmbeachgardens.html]
[www.truefoodkitchen.com/tampa.html]
[www.truefoodkitchen.com/westpalmbeach.html]
[www.truefoodkitchen.com/alpharetta.html]
[www.truefoodkitchen.com/atlanta.html]
[www.truefoodkitchen.com/chicago.html]
[www.truefoodkitchen.com/neworleans.html]
[www.truefoodkitchen.com/bethesda.html]
[www.truefoodkitchen.com/kansascity.html]
[www.truefoodkitchen.com/summerlin.html]
[www.truefoodkitchen.com/lasvegas.html]
[www.truefoodkitchen.com/hackensack.html]
[www.truefoodkitchen.com/gardencity.html]
[www.truefoodkitchen.com/columbus.html]
[www.truefoodkitchen.com/nashville.html]
[www.truefoodkitchen.com/kingofprussia.html]
[www.truefoodkitchen.com/thedomain.html]
[www.truefoodkitchen.com/dallas.html]
[www.truefoodkitchen.com/austin.html]
[www.truefoodkitchen.com/plano.html]
[www.truefoodkitchen.com/houston.html]
[www.truefoodkitchen.com/thewoodlands.html]
[www.truefoodkitchen.com/fairfax.html]
[www.truefoodkitchen.com/reston.html]
[www.truefoodkitchen.com/arlington.html]
[www.truefoodkitchen.com/images/truefoodkitchen-icon5.png]
[www.truefoodkitchen.com/js/map.js]
[cdn.jsdelivr.net/scrollreveal.js/3.3.1/scrollreveal.min.js]
[www.truefoodkitchen.com/locations.html]
[www.truefoodkitchen.com/js/tabs/app.min.js]
[www.truefoodkitchen.com/css/slickslider.css]
[ozplayer.global.ssl.fastly.net/3.3/ozplayer-core/mediaelement.min.js]
[www.truefoodkitchen.com/images/banner/truestory/truefoodkitchen-truestory-banner.jpg]
[www.truefoodkitchen.com/images/truefoodkitchen-icon19.png]
[www.truefoodkitchen.com/images/truestory/pyramid/truefoodkitchen-pyramid-weil.jpg]
[www.truefoodkitchen.com/images/truestory/pyramid/truefoodkitchen-pyramid-1.jpg]
[www.truefoodkitchen.com/images/truestory/ingredient/truefoodkitchen-ingredient-beets.jpg]
[www.truefoodkitchen.com/images/truestory/ingredient/truefoodkitchen-ingredient-kuzu.jpg]
[www.truefoodkitchen.com/images/truestory/ingredient/truefoodkitchen-ingredient-butternutsquash.jpg]
[www.truefoodkitchen.com/images/truestory/ingredient/truefoodkitchen-ingredient-pomegranate.jpg]
[www.truefoodkitchen.com/images/truestory/ingredient/truefoodkitchen-ingredient-brusselssprouts.jpg]
[www.truefoodkitchen.com/images/truestory/truestory-ingredient-bg.png]
[www.truefoodkitchen.com/images/truestory/chef/truefoodkitchen-chef-3-rounded.png]
[www.truefoodkitchen.com/images/truestory/chef/truefoodkitchen-chef-4-rounded.png]
[www.truefoodkitchen.com/images/truestory/chef/truefoodkitchen-chef-2-rounded.png]
[www.truefoodkitchen.com/images/truestory/yourway/truefoodkitchen-yourway-glutenfree.jpg]
[www.truefoodkitchen.com/images/truestory/yourway/truefoodkitchen-yourway-vegetarian.jpg]
[www.truefoodkitchen.com/images/truestory/yourway/truefoodkitchen-yourway-vegan.jpg]
[www.truefoodkitchen.com/images/truestory/yourway/truefoodkitchen-yourway-youtellus.jpg]
[www.truefoodkitchen.com/images/nashville/events/truefoodkitchen-nashville-cpy2019-2.jpg]
[www.truefoodkitchen.com/images/chicago/events/truefoodkitchen-chicago-cpy2019.jpg]
[www.truefoodkitchen.com/images/denver/events/truefoodkitchen-denver-corepower.jpg]
[www.truefoodkitchen.com/images/newportbeach/events/truefoodkitchen-newport-8anglestrength.jpg]
[www.truefoodkitchen.com/images/bocaraton/events/truefoodkitchen-bocaraton-yogajoint.jpg]
[www.truefoodkitchen.com/images/pasadena/events/truefoodkitchen-pasadena-xtend.jpg]
[www.truefoodkitchen.com/images/walnutcreek/events/truefoodkitchen-walnutcreek-nb2019.jpg]
[www.truefoodkitchen.com/images/kingofprussia/events/truefoodkitchen-kingofprussia-barre.jpg]
[www.truefoodkitchen.com/images/events/truefoodkitchen-yoga2018-3.jpg]
[www.truefoodkitchen.com/images/pasadena/events/truefoodkitchen-pasadena-xbc2019.jpg]
[www.truefoodkitchen.com/images/paloalto/events/truefoodkitchen-paloalto-sbmfitness.jpg]
[www.truefoodkitchen.com/images/kansascity/events/truefoodkitchen-kansascity-corepower.jpg]
[www.truefoodkitchen.com/images/kingofprussia/events/truefoodkitchen-kingofprussia-greenhouse.jpg]
[www.truefoodkitchen.com/images/denver/events/truefoodkitchen-denver-barmethod.jpg]
[www.truefoodkitchen.com/images/plano/events/truefoodkitchen-plano-sundaymorningyoga2.jpg]
[ozplayer.global.ssl.fastly.net/3.3/ozplayer-core/ozplayer.free.js]
[www.truefoodkitchen.com/js/slickslider.js]
[ozplayer.global.ssl.fastly.net/3.3/ozplayer-lang/en.js]
[ozplayer.global.ssl.fastly.net/3.3/config.js]
[www.truefoodkitchen.com/truestory.html]
[www.truefoodkitchen.com/images/banner/careers/truefoodkitchen-careers-banner7.jpg]
[www.truefoodkitchen.com/images/truefoodkitchen-icon9.png]
[www.truefoodkitchen.com/images/team/truefoodkitchen-team-slider_9.jpg]
[www.truefoodkitchen.com/images/team/truefoodkitchen-team-slider_10.jpg]
[www.truefoodkitchen.com/images/team/truefoodkitchen-team-slider_11.jpg]
[www.truefoodkitchen.com/images/team/truefoodkitchen-team-slider_12.jpg]
[www.truefoodkitchen.com/images/team/truefoodkitchen-team-slider_13.jpg]
[www.truefoodkitchen.com/images/team/truefoodkitchen-team-slider_14.jpg]
[www.truefoodkitchen.com/images/team/truefoodkitchen-team-slider_15.jpg]
[www.truefoodkitchen.com/images/team/truefoodkitchen-team-slider_16.jpg]
[www.truefoodkitchen.com/images/team/truefoodkitchen-team-slider_17.jpg]
[www.truefoodkitchen.com/images/team/truefoodkitchen-team-slider_18.jpg]
[www.truefoodkitchen.com/images/team/truefoodkitchen-team-slider_19.jpg]
[www.truefoodkitchen.com/images/team/truefoodkitchen-team-slider_20.jpg]
[www.truefoodkitchen.com/images/truefoodkitchen-icon10.png]
[www.truefoodkitchen.com/careers.html]
[www.truefoodkitchen.com/images/banner_trueinsider.jpg]
[www.truefoodkitchen.com/images/trueinsider/trueinsder-loyaltyphone.png]
[www.truefoodkitchen.com/images/trueinsider/trueinsider-btn-app-store.png]
[www.truefoodkitchen.com/images/trueinsider/trueinsider-btn-google-play.png]
[www.truefoodkitchen.com/images/truefoodkitchen-icon23.png]
[www.truefoodkitchen.com/js/google-map-custom.js]
[www.truefoodkitchen.com/trueinsider.html]
[www.truefoodkitchen.com/fonts/glyphicons-halflings-regular.html]
[www.truefoodkitchen.com/fonts/glyphicons-halflings-regulard41d.html]
[www.truefoodkitchen.com/fonts/glyphicons-halflings-regular-2.html]
[www.truefoodkitchen.com/fonts/glyphicons-halflings-regular-3.html]
[www.truefoodkitchen.com/fonts/glyphicons-halflings-regular-4.html]
[www.truefoodkitchen.com/fonts/glyphicons-halflings-regular-5.html]
[www.truefoodkitchen.com/fonts/revicons90c6.svg]
[www.truefoodkitchen.com/css/openhand.html]
[www.truefoodkitchen.com/css/closedhand.html]
[www.truefoodkitchen.com/assets/gridtile.html]
[www.truefoodkitchen.com/assets/gridtile_white.html]
[www.truefoodkitchen.com/assets/gridtile_3x3.html]
[www.truefoodkitchen.com/assets/gridtile_3x3_white.html]
[www.truefoodkitchen.com/images/gradient/g30.html]
[www.truefoodkitchen.com/images/gradient/g40.html]
[www.truefoodkitchen.com/assets/coloredbg.html]
[www.truefoodkitchen.com/assets/loader.html]
[www.truefoodkitchen.com/fonts/bernadette-rough/bernadette_rough.html]
[www.truefoodkitchen.com/fonts/bernadette-rough/bernadette_rough-2.html]
[www.truefoodkitchen.com/images/back_line.html]
[www.truefoodkitchen.com/images/icon_price.html]
[www.truefoodkitchen.com/images/icon-quote.html]
[www.truefoodkitchen.com/images/vector_small.html]
[www.truefoodkitchen.com/images/oliu-left.html]
[www.truefoodkitchen.com/images/oliu-right.html]
[www.truefoodkitchen.com/images/banner/banner_1920x1080.html]
[www.truefoodkitchen.com/images/icon-left.html]
[www.truefoodkitchen.com/images/icon-right.html]
[www.truefoodkitchen.com/images/vector_big.html]
[www.truefoodkitchen.com/fonts/star.svg]
[www.truefoodkitchen.com/fonts/WooCommerce.svg]
[www.truefoodkitchen.com/images/icons/loader.html]
[www.truefoodkitchen.com/images/banner/banner_1920x800.html]
[www.truefoodkitchen.com/images/banner/banner_1920x685.html]
[www.truefoodkitchen.com/images/banner/banner_960x840.html]
[www.truefoodkitchen.com/images/vector_green.html]
[www.truefoodkitchen.com/images/bg_our_product.html]
[www.truefoodkitchen.com/images/banner/banner_1400x590.html]
[www.truefoodkitchen.com/images/rectangle.html]
[www.truefoodkitchen.com/images/banner/banner_1140x570.html]
[www.truefoodkitchen.com/images/banner/banner_480x600.html]
[www.truefoodkitchen.com/images/findatable/slider/stack_365x465.html]
[www.truefoodkitchen.com/images/stack/jubytrue-stack1.html]
[www.truefoodkitchen.com/images/stack/jubytrue-stack2.html]
[www.truefoodkitchen.com/images/stack/jubytrue-stack3.html]
[www.truefoodkitchen.com/images/banner/banner_480x420.html]
[www.truefoodkitchen.com/css/AjaxLoader.html]
[www.truefoodkitchen.com/fonts/fontawesome-webfont3295.svg]
[www.truefoodkitchen.com/POST.html]
[www.truefoodkitchen.com/css/sp-integration.css]
[www.truefoodkitchen.com/menus/css/sp-integration-locations.css]
[www.truefoodkitchen.com/reservation.html]
[www.truefoodkitchen.com/singleplatform/sp-integration-alld41d.js]
[www.truefoodkitchen.com/ketopaleo.html]
[www.truefoodkitchen.com/css/tabs/tfk-tabstyle.css]
[www.truefoodkitchen.com/images/oakbrook/truefoodkitchen-oakbrook-banner1.jpg]
[web-assets-cdn.momentfeed.com/widgets/v1.0.2/load-widgets.js]
[www.truefoodkitchen.com/images/banner/main/mobile/truefoodkitchen-main-mobile-banner-8.jpg]
[www.truefoodkitchen.com/images/oakbrook/truefoodkitchen-oakbrook-banner2.jpg]
[www.truefoodkitchen.com/images/banner/general/truefoodkitchen-giftcards2019.jpg]
[www.truefoodkitchen.com/images/banner/general/truefoodkitchen-orderonline.jpg]
[www.truefoodkitchen.com/images/truefoodkitchen-icon1.png]
[www.truefoodkitchen.com/menus/oakbrook.html]
[www.truefoodkitchen.com/docs/catering/TFK_Oakbrook_Catering.pdf]
[www.truefoodkitchen.com/images/oakbrook/slider/truefoodkitchen-oakbrook-slider2.jpg]
[www.truefoodkitchen.com/images/alpharetta/slider/truefoodkitchen-alpharetta-slider2.jpg]
[www.truefoodkitchen.com/images/alpharetta/slider/truefoodkitchen-alpharetta-slider3.jpg]
[www.truefoodkitchen.com/images/oakbrook/slider/truefoodkitchen-oakbrook-slider.jpg]
[www.truefoodkitchen.com/images/truefoodkitchen-icon8.png]
[www.truefoodkitchen.com/docs/pdr/TrueFoodKitchenOakBrook-PrivateDiningPackage.pdf]
[www.truefoodkitchen.com/images/truefoodkitchen-icon11.png]
[www.truefoodkitchen.com/oakbrook.html]
[www.truefoodkitchen.com/images/phoenix/truefoodkitchen-phoenix-banner.jpg]
[www.truefoodkitchen.com/images/banner/general/truefoodkitchen-pdr.jpg]
[www.truefoodkitchen.com/menus/phoenix.html]
[www.truefoodkitchen.com/docs/catering/TFK_Phoenix_Catering.pdf]
[www.truefoodkitchen.com/images/sliders/truefoodkitchen-slide_3.jpg]
[www.truefoodkitchen.com/images/phoenix/slider/truefoodkitchen-phoenixstore-slider.jpg]
[www.truefoodkitchen.com/images/sliders/truefoodkitchen-slide_6.jpg]
[www.truefoodkitchen.com/images/phoenix/slider/truefoodkitchen-phoenixstore-slider2.jpg]
[www.truefoodkitchen.com/docs/pdr/TrueFoodKitchenBiltmore-PrivateDiningPackage.pdf]
[www.truefoodkitchen.com/images/phoenix/events/truefoodkitchen-phoenix-lifetime.jpg]
[www.truefoodkitchen.com/images/phoenix/events/truefoodkitchen-phoenix-restaurantweek2019.jpg]
[www.truefoodkitchen.com/docs/restaurantweek/2019/TFK_Arizona_RW.pdf]
[www.truefoodkitchen.com/images/phoenix/events/truefoodkitchen-phoenix-corepower2019.jpg]
[www.truefoodkitchen.com/images/truefoodkitchen-icon22.png]
[embedsocial.com/embedscript/ri2.js]
[www.truefoodkitchen.com/phoenix.html]
[www.truefoodkitchen.com/images/scottsdale/truefoodkitchen-scottsdale-banner.jpg]
[www.truefoodkitchen.com/menus/scottsdale.html]
[www.truefoodkitchen.com/docs/catering/TFK_Scottsdale_Catering.pdf]
[www.truefoodkitchen.com/images/sliders/truefoodkitchen-slide_1.jpg]
[www.truefoodkitchen.com/images/scottsdale/slider/truefoodkitchen-scottsdalestore-slider.jpg]
[www.truefoodkitchen.com/images/sliders/truefoodkitchen-slide_4.jpg]
[www.truefoodkitchen.com/images/scottsdale/slider/truefoodkitchen-scottsdalestore-slider2.jpg]
[www.truefoodkitchen.com/docs/pdr/TrueFoodKitchenScottsdale-PrivateDiningPackage.pdf]
[www.truefoodkitchen.com/scottsdale.html]
[www.truefoodkitchen.com/images/elsegundo/truefoodkitchen-elsegundo-banner.jpg]
[www.truefoodkitchen.com/images/banner/general/truefoodkitchen-socialhour.jpg]
